--------------------------------------------------------------------------------------
Command: MESSAGE C E #A few small hops for frames, but a giant leap for this message.#
--------------------------------------------------------------------------------------
Message to be sent: "A few small hops for frames, but a giant leap for this message."

Frame #1
Sender MAC address: CCCCCCCCCC, Receiver MAC address: BBBBBBBBBB
Sender IP address: 8.8.8.8, Receiver IP address: 0.0.1.1
Sender port number: 0706, Receiver port number: 0607
Sender ID: C, Receiver ID: E
Message chunk carried: "A few small hops for"
Number of hops so far: 0
--------
Frame #2
Sender MAC address: CCCCCCCCCC, Receiver MAC address: BBBBBBBBBB
Sender IP address: 8.8.8.8, Receiver IP address: 0.0.1.1
Sender port number: 0706, Receiver port number: 0607
Sender ID: C, Receiver ID: E
Message chunk carried: " frames, but a giant"
Number of hops so far: 0
--------
Frame #3
Sender MAC address: CCCCCCCCCC, Receiver MAC address: BBBBBBBBBB
Sender IP address: 8.8.8.8, Receiver IP address: 0.0.1.1
Sender port number: 0706, Receiver port number: 0607
Sender ID: C, Receiver ID: E
Message chunk carried: " leap for this messa"
Number of hops so far: 0
--------
Frame #4
Sender MAC address: CCCCCCCCCC, Receiver MAC address: BBBBBBBBBB
Sender IP address: 8.8.8.8, Receiver IP address: 0.0.1.1
Sender port number: 0706, Receiver port number: 0607
Sender ID: C, Receiver ID: E
Message chunk carried: "ge."
Number of hops so far: 0
--------
-------------------------------------------
Command: MESSAGE C E #TAs' PAs = no sleep!#
-------------------------------------------
Message to be sent: "TAs' PAs = no sleep!"

Frame #1
Sender MAC address: CCCCCCCCCC, Receiver MAC address: BBBBBBBBBB
Sender IP address: 8.8.8.8, Receiver IP address: 0.0.1.1
Sender port number: 0706, Receiver port number: 0607
Sender ID: C, Receiver ID: E
Message chunk carried: "TAs' PAs = no sleep!"
Number of hops so far: 0
--------
--------------------------------
Command: SHOW_FRAME_INFO C out 3
--------------------------------
Current Frame #3 on the outgoing queue of client C
Carried Message: " leap for this messa"
Layer 0 info: Sender ID: C, Receiver ID: E
Layer 1 info: Sender port number: 0706, Receiver port number: 0607
Layer 2 info: Sender IP address: 8.8.8.8, Receiver IP address: 0.0.1.1
Layer 3 info: Sender MAC address: CCCCCCCCCC, Receiver MAC address: BBBBBBBBBB
Number of hops so far: 0
--------------------------
Command: SHOW_Q_INFO C out
--------------------------
Client C Outgoing Queue Status
Current total number of frames: 5
-------------------------
Command: SHOW_Q_INFO C in
-------------------------
Client C Incoming Queue Status
Current total number of frames: 0
-------------------------------
Command: SHOW_FRAME_INFO C in 5
-------------------------------
No such frame.
-------------
Command: SEND
-------------
Client C sending frame #1 to client B
Sender MAC address: CCCCCCCCCC, Receiver MAC address: BBBBBBBBBB
Sender IP address: 8.8.8.8, Receiver IP address: 0.0.1.1
Sender port number: 0706, Receiver port number: 0607
Sender ID: C, Receiver ID: E
Message chunk carried: "A few small hops for"
Number of hops so far: 1
--------
Client C sending frame #2 to client B
Sender MAC address: CCCCCCCCCC, Receiver MAC address: BBBBBBBBBB
Sender IP address: 8.8.8.8, Receiver IP address: 0.0.1.1
Sender port number: 0706, Receiver port number: 0607
Sender ID: C, Receiver ID: E
Message chunk carried: " frames, but a giant"
Number of hops so far: 1
--------
Client C sending frame #3 to client B
Sender MAC address: CCCCCCCCCC, Receiver MAC address: BBBBBBBBBB
Sender IP address: 8.8.8.8, Receiver IP address: 0.0.1.1
Sender port number: 0706, Receiver port number: 0607
Sender ID: C, Receiver ID: E
Message chunk carried: " leap for this messa"
Number of hops so far: 1
--------
Client C sending frame #4 to client B
Sender MAC address: CCCCCCCCCC, Receiver MAC address: BBBBBBBBBB
Sender IP address: 8.8.8.8, Receiver IP address: 0.0.1.1
Sender port number: 0706, Receiver port number: 0607
Sender ID: C, Receiver ID: E
Message chunk carried: "ge."
Number of hops so far: 1
--------
Client C sending frame #1 to client B
Sender MAC address: CCCCCCCCCC, Receiver MAC address: BBBBBBBBBB
Sender IP address: 8.8.8.8, Receiver IP address: 0.0.1.1
Sender port number: 0706, Receiver port number: 0607
Sender ID: C, Receiver ID: E
Message chunk carried: "TAs' PAs = no sleep!"
Number of hops so far: 1
--------
----------------
Command: RECEIVE
----------------
Client B receiving a message from client C, but intended for client E. Forwarding... 
Frame #1 MAC address change: New sender MAC BBBBBBBBBB, new receiver MAC DDDDDDDDDD
Frame #2 MAC address change: New sender MAC BBBBBBBBBB, new receiver MAC DDDDDDDDDD
Frame #3 MAC address change: New sender MAC BBBBBBBBBB, new receiver MAC DDDDDDDDDD
Frame #4 MAC address change: New sender MAC BBBBBBBBBB, new receiver MAC DDDDDDDDDD
--------
Client B receiving a message from client C, but intended for client E. Forwarding... 
Frame #1 MAC address change: New sender MAC BBBBBBBBBB, new receiver MAC DDDDDDDDDD
--------
-------------
Command: SEND
-------------
Client B sending frame #1 to client D
Sender MAC address: BBBBBBBBBB, Receiver MAC address: DDDDDDDDDD
Sender IP address: 8.8.8.8, Receiver IP address: 0.0.1.1
Sender port number: 0706, Receiver port number: 0607
Sender ID: C, Receiver ID: E
Message chunk carried: "A few small hops for"
Number of hops so far: 2
--------
Client B sending frame #2 to client D
Sender MAC address: BBBBBBBBBB, Receiver MAC address: DDDDDDDDDD
Sender IP address: 8.8.8.8, Receiver IP address: 0.0.1.1
Sender port number: 0706, Receiver port number: 0607
Sender ID: C, Receiver ID: E
Message chunk carried: " frames, but a giant"
Number of hops so far: 2
--------
Client B sending frame #3 to client D
Sender MAC address: BBBBBBBBBB, Receiver MAC address: DDDDDDDDDD
Sender IP address: 8.8.8.8, Receiver IP address: 0.0.1.1
Sender port number: 0706, Receiver port number: 0607
Sender ID: C, Receiver ID: E
Message chunk carried: " leap for this messa"
Number of hops so far: 2
--------
Client B sending frame #4 to client D
Sender MAC address: BBBBBBBBBB, Receiver MAC address: DDDDDDDDDD
Sender IP address: 8.8.8.8, Receiver IP address: 0.0.1.1
Sender port number: 0706, Receiver port number: 0607
Sender ID: C, Receiver ID: E
Message chunk carried: "ge."
Number of hops so far: 2
--------
Client B sending frame #1 to client D
Sender MAC address: BBBBBBBBBB, Receiver MAC address: DDDDDDDDDD
Sender IP address: 8.8.8.8, Receiver IP address: 0.0.1.1
Sender port number: 0706, Receiver port number: 0607
Sender ID: C, Receiver ID: E
Message chunk carried: "TAs' PAs = no sleep!"
Number of hops so far: 2
--------
----------------
Command: RECEIVE
----------------
Client D receiving a message from client B, but intended for client E. Forwarding... 
Frame #1 MAC address change: New sender MAC DDDDDDDDDD, new receiver MAC EEEEEEEEEE
Frame #2 MAC address change: New sender MAC DDDDDDDDDD, new receiver MAC EEEEEEEEEE
Frame #3 MAC address change: New sender MAC DDDDDDDDDD, new receiver MAC EEEEEEEEEE
Frame #4 MAC address change: New sender MAC DDDDDDDDDD, new receiver MAC EEEEEEEEEE
--------
Client D receiving a message from client B, but intended for client E. Forwarding... 
Frame #1 MAC address change: New sender MAC DDDDDDDDDD, new receiver MAC EEEEEEEEEE
--------
-------------
Command: SEND
-------------
Client D sending frame #1 to client E
Sender MAC address: DDDDDDDDDD, Receiver MAC address: EEEEEEEEEE
Sender IP address: 8.8.8.8, Receiver IP address: 0.0.1.1
Sender port number: 0706, Receiver port number: 0607
Sender ID: C, Receiver ID: E
Message chunk carried: "A few small hops for"
Number of hops so far: 3
--------
Client D sending frame #2 to client E
Sender MAC address: DDDDDDDDDD, Receiver MAC address: EEEEEEEEEE
Sender IP address: 8.8.8.8, Receiver IP address: 0.0.1.1
Sender port number: 0706, Receiver port number: 0607
Sender ID: C, Receiver ID: E
Message chunk carried: " frames, but a giant"
Number of hops so far: 3
--------
Client D sending frame #3 to client E
Sender MAC address: DDDDDDDDDD, Receiver MAC address: EEEEEEEEEE
Sender IP address: 8.8.8.8, Receiver IP address: 0.0.1.1
Sender port number: 0706, Receiver port number: 0607
Sender ID: C, Receiver ID: E
Message chunk carried: " leap for this messa"
Number of hops so far: 3
--------
Client D sending frame #4 to client E
Sender MAC address: DDDDDDDDDD, Receiver MAC address: EEEEEEEEEE
Sender IP address: 8.8.8.8, Receiver IP address: 0.0.1.1
Sender port number: 0706, Receiver port number: 0607
Sender ID: C, Receiver ID: E
Message chunk carried: "ge."
Number of hops so far: 3
--------
Client D sending frame #1 to client E
Sender MAC address: DDDDDDDDDD, Receiver MAC address: EEEEEEEEEE
Sender IP address: 8.8.8.8, Receiver IP address: 0.0.1.1
Sender port number: 0706, Receiver port number: 0607
Sender ID: C, Receiver ID: E
Message chunk carried: "TAs' PAs = no sleep!"
Number of hops so far: 3
--------
----------------
Command: RECEIVE
----------------
Client E receiving frame #1 from client D, originating from client C
Sender MAC address: DDDDDDDDDD, Receiver MAC address: EEEEEEEEEE
Sender IP address: 8.8.8.8, Receiver IP address: 0.0.1.1
Sender port number: 0706, Receiver port number: 0607
Sender ID: C, Receiver ID: E
Message chunk carried: "A few small hops for"
Number of hops so far: 3
--------
Client E receiving frame #2 from client D, originating from client C
Sender MAC address: DDDDDDDDDD, Receiver MAC address: EEEEEEEEEE
Sender IP address: 8.8.8.8, Receiver IP address: 0.0.1.1
Sender port number: 0706, Receiver port number: 0607
Sender ID: C, Receiver ID: E
Message chunk carried: " frames, but a giant"
Number of hops so far: 3
--------
Client E receiving frame #3 from client D, originating from client C
Sender MAC address: DDDDDDDDDD, Receiver MAC address: EEEEEEEEEE
Sender IP address: 8.8.8.8, Receiver IP address: 0.0.1.1
Sender port number: 0706, Receiver port number: 0607
Sender ID: C, Receiver ID: E
Message chunk carried: " leap for this messa"
Number of hops so far: 3
--------
Client E receiving frame #4 from client D, originating from client C
Sender MAC address: DDDDDDDDDD, Receiver MAC address: EEEEEEEEEE
Sender IP address: 8.8.8.8, Receiver IP address: 0.0.1.1
Sender port number: 0706, Receiver port number: 0607
Sender ID: C, Receiver ID: E
Message chunk carried: "ge."
Number of hops so far: 3
--------
Client E received the message "A few small hops for frames, but a giant leap for this message." from client C.
--------
Client E receiving frame #1 from client D, originating from client C
Sender MAC address: DDDDDDDDDD, Receiver MAC address: EEEEEEEEEE
Sender IP address: 8.8.8.8, Receiver IP address: 0.0.1.1
Sender port number: 0706, Receiver port number: 0607
Sender ID: C, Receiver ID: E
Message chunk carried: "TAs' PAs = no sleep!"
Number of hops so far: 3
--------
Client E received the message "TAs' PAs = no sleep!" from client C.
--------
--------------------
Command: PRINT_LOG A
--------------------
--------------------
Command: PRINT_LOG B
--------------------
Client B Logs:
--------------
Log Entry #1:
Activity: Message Forwarded
Timestamp: 2023-11-22 20:30:03
Number of frames: 4
Number of hops: 1
Sender ID: C
Receiver ID: E
Success: Yes
--------------
Log Entry #2:
Activity: Message Forwarded
Timestamp: 2023-11-22 20:30:03
Number of frames: 1
Number of hops: 1
Sender ID: C
Receiver ID: E
Success: Yes
--------------------
Command: PRINT_LOG C
--------------------
Client C Logs:
--------------
Log Entry #1:
Activity: Message Sent
Timestamp: 2023-11-22 20:30:03
Number of frames: 4
Number of hops: 0
Sender ID: C
Receiver ID: E
Success: Yes
Message: "A few small hops for frames, but a giant leap for this message."
--------------
Log Entry #2:
Activity: Message Sent
Timestamp: 2023-11-22 20:30:03
Number of frames: 1
Number of hops: 0
Sender ID: C
Receiver ID: E
Success: Yes
Message: "TAs' PAs = no sleep!"
--------------------
Command: PRINT_LOG D
--------------------
Client D Logs:
--------------
Log Entry #1:
Activity: Message Forwarded
Timestamp: 2023-11-22 20:30:03
Number of frames: 4
Number of hops: 2
Sender ID: C
Receiver ID: E
Success: Yes
--------------
Log Entry #2:
Activity: Message Forwarded
Timestamp: 2023-11-22 20:30:03
Number of frames: 1
Number of hops: 2
Sender ID: C
Receiver ID: E
Success: Yes
--------------------
Command: PRINT_LOG E
--------------------
Client E Logs:
--------------
Log Entry #1:
Activity: Message Received
Timestamp: 2023-11-22 20:30:03
Number of frames: 4
Number of hops: 3
Sender ID: C
Receiver ID: E
Success: Yes
Message: "A few small hops for frames, but a giant leap for this message."
--------------
Log Entry #2:
Activity: Message Received
Timestamp: 2023-11-22 20:30:03
Number of frames: 1
Number of hops: 3
Sender ID: C
Receiver ID: E
Success: Yes
Message: "TAs' PAs = no sleep!"
----------------------
Command: DDOS_ATTACK A
----------------------
Invalid command.
